python : Traceback (most recent call last):
At line:1 char:1
+ python app.py 2> error_log.txt
+ ~~~~~~~~~~~~~~~~~~~~~~~~~~~~~~
    + CategoryInfo              : NotSpecified    : (Traceback (most     recent call last)::    String) [], RemoteE    xception
    + FullyQualifiedErr    orId : NativeComman    dError
 
  File "C:\Users\bharg\OneDrive\Documents\dti2\backend\app.py", line 15, in <module>
    from ml_model.train import load_model, train_model, predict_price
  File "C:\Users\bharg\OneDrive\Documents\dti2\backend\ml_model\train.py", line 5, in <module>
    import joblib
ModuleNotFoundError: No module named 'joblib'
